2026-06-09 15:28:13,572 - COMMAND RECEIVED: OPEN_NOTEPAD | Confidence: 0.95 | Threshold: 0.7
2026-06-09 15:28:13,572 - COMMAND ACCEPTED: OPEN_NOTEPAD
2026-06-09 15:28:13,573 - EXECUTING: OPEN_NOTEPAD
2026-06-09 15:28:37,736 - LOCK RELEASED: OPEN_NOTEPAD
2026-06-09 15:29:26,182 - COMMAND RECEIVED: OPEN_NOTEPAD | Confidence: 0.95 | Threshold: 0.7
2026-06-09 15:29:26,183 - COMMAND ACCEPTED: OPEN_NOTEPAD
2026-06-09 15:29:26,183 - EXECUTING: OPEN_NOTEPAD
2026-06-09 15:29:47,511 - SUCCESS: OPEN_NOTEPAD
2026-06-09 15:29:47,512 - LOCK RELEASED: OPEN_NOTEPAD
2026-06-09 15:29:47,512 - COMMAND RECEIVED: OPEN_CALCULATOR | Confidence: 0.92 | Threshold: 0.7
2026-06-09 15:29:47,513 - COMMAND ACCEPTED: OPEN_CALCULATOR
2026-06-09 15:29:47,514 - EXECUTING: OPEN_CALCULATOR
2026-06-09 15:30:01,373 - SUCCESS: OPEN_CALCULATOR
2026-06-09 15:30:01,373 - LOCK RELEASED: OPEN_CALCULATOR
2026-06-09 15:30:01,374 - COMMAND RECEIVED: OPEN_BROWSER | Confidence: 0.91 | Threshold: 0.7
2026-06-09 15:30:01,374 - COMMAND ACCEPTED: OPEN_BROWSER
2026-06-09 15:30:01,376 - EXECUTING: OPEN_BROWSER
2026-06-09 15:30:26,613 - SUCCESS: OPEN_BROWSER
2026-06-09 15:30:26,614 - LOCK RELEASED: OPEN_BROWSER
2026-06-09 15:30:26,614 - COMMAND RECEIVED: OPEN_MEDIA | Confidence: 0.94 | Threshold: 0.7
2026-06-09 15:30:26,615 - COMMAND ACCEPTED: OPEN_MEDIA
2026-06-09 15:30:26,615 - EXECUTING: OPEN_MEDIA
2026-06-09 15:30:35,667 - SUCCESS: OPEN_MEDIA
2026-06-09 15:30:35,667 - LOCK RELEASED: OPEN_MEDIA
2026-06-09 15:30:35,668 - COMMAND RECEIVED: OPEN_EXPLORER | Confidence: 0.93 | Threshold: 0.7
2026-06-09 15:30:35,668 - COMMAND ACCEPTED: OPEN_EXPLORER
2026-06-09 15:30:35,669 - EXECUTING: OPEN_EXPLORER
2026-06-09 15:30:43,560 - SUCCESS: OPEN_EXPLORER
2026-06-09 15:30:43,561 - LOCK RELEASED: OPEN_EXPLORER
2026-06-09 15:42:00,991 - COMMAND RECEIVED: OPEN_NOTEPAD | Confidence: 0.95 | Threshold: 0.7
2026-06-09 15:42:00,992 - COMMAND ACCEPTED: OPEN_NOTEPAD
2026-06-09 15:42:00,992 - EXECUTING: OPEN_NOTEPAD
2026-06-09 15:42:22,539 - SUCCESS: OPEN_NOTEPAD
2026-06-09 15:42:22,541 - LOCK RELEASED: OPEN_NOTEPAD
2026-06-09 15:42:22,548 - COMMAND RECEIVED: OPEN_CALCULATOR | Confidence: 0.92 | Threshold: 0.7
2026-06-09 15:42:22,549 - COMMAND ACCEPTED: OPEN_CALCULATOR
2026-06-09 15:42:22,550 - EXECUTING: OPEN_CALCULATOR
2026-06-09 15:42:25,599 - COMMAND FAILED: OPEN_CALCULATOR | Reason: PyAutoGUI fail-safe triggered from mouse moving to a corner of the screen. To disable this fail-safe, set pyautogui.FAILSAFE to False. DISABLING FAIL-SAFE IS NOT RECOMMENDED.
2026-06-09 15:42:25,600 - LOCK RELEASED: OPEN_CALCULATOR
2026-06-09 15:42:25,601 - COMMAND RECEIVED: OPEN_BROWSER | Confidence: 0.91 | Threshold: 0.7
2026-06-09 15:42:25,606 - COMMAND ACCEPTED: OPEN_BROWSER
2026-06-09 15:42:25,608 - EXECUTING: OPEN_BROWSER
2026-06-09 15:42:50,849 - SUCCESS: OPEN_BROWSER
2026-06-09 15:42:50,850 - LOCK RELEASED: OPEN_BROWSER
2026-06-09 15:42:50,850 - COMMAND RECEIVED: OPEN_MEDIA | Confidence: 0.94 | Threshold: 0.7
2026-06-09 15:42:50,850 - COMMAND ACCEPTED: OPEN_MEDIA
2026-06-09 15:42:50,851 - EXECUTING: OPEN_MEDIA
2026-06-09 15:43:00,036 - SUCCESS: OPEN_MEDIA
2026-06-09 15:43:00,056 - LOCK RELEASED: OPEN_MEDIA
2026-06-09 15:43:00,067 - COMMAND RECEIVED: OPEN_EXPLORER | Confidence: 0.93 | Threshold: 0.7
2026-06-09 15:43:00,068 - COMMAND ACCEPTED: OPEN_EXPLORER
2026-06-09 15:43:00,069 - EXECUTING: OPEN_EXPLORER
2026-06-09 15:43:07,977 - SUCCESS: OPEN_EXPLORER
2026-06-09 15:43:07,978 - LOCK RELEASED: OPEN_EXPLORER
